<html>
<body>
<pre>
<h1>礦ision Build Log</h1>
<h2>Tool Versions:</h2>
IDE-Version: μVision V5.28.0.0
Copyright (C) 2019 ARM Ltd and ARM Germany GmbH. All rights reserved.
License Information: Loche Chetiru, IOOEof, LIC=8VRJ7-EPBIK-74HS0-BK3E1-JUCXW-MV42S
 
Tool Versions:
Toolchain:       MDK-ARM Plus  Version: 5.28.0.0
Toolchain Path:  E:\Program Files\Keil_v5\ARM\ARMCC\Bin
C Compiler:      Armcc.exe V5.06 update 6 (build 750)
Assembler:       Armasm.exe V5.06 update 6 (build 750)
Linker/Locator:  ArmLink.exe V5.06 update 6 (build 750)
Library Manager: ArmAr.exe V5.06 update 6 (build 750)
Hex Converter:   FromElf.exe V5.06 update 6 (build 750)
CPU DLL:         SARMCM3.DLL V5.28.0.0
Dialog DLL:      DCM.DLL V1.17.3.0
Target DLL:      CMSIS_AGDI.dll V1.31.18.0
Dialog DLL:      TCM.DLL V1.36.2.0
 
<h2>Project:</h2>
E:\OneDrive\学习\A大学\3-2\创新实践\0522-wifi\wifi-camera-tftlcd\Template.uvprojx
Project File Date:  05/23/2026

<h2>Output:</h2>
*** Using Compiler 'V5.06 update 6 (build 750)', folder: 'E:\Program Files\Keil_v5\ARM\ARMCC\Bin'
Rebuild target 'Target 1'
compiling stm32f10x_it.c...
compiling main.c...
compiling stm32f10x_dac.c...
compiling stm32f10x_rtc.c...
compiling tftlcd.c...
compiling stm32f10x_adc.c...
compiling stm32f10x_can.c...
compiling stm32f10x_gpio.c...
compiling stm32f10x_fsmc.c...
assembling startup_stm32f10x_hd.s...
compiling wifi_config.c...
compiling stm32f10x_usart.c...
compiling stm32f10x_iwdg.c...
compiling misc.c...
compiling core_cm3.c...
compiling stm32f10x_rcc.c...
compiling stm32f10x_bkp.c...
compiling stm32f10x_dma.c...
compiling system.c...
compiling system_stm32f10x.c...
compiling stm32f10x_exti.c...
compiling usart.c...
compiling stm32f10x_wwdg.c...
compiling SysTick.c...
compiling stm32f10x_pwr.c...
compiling led.c...
compiling stm32f10x_spi.c...
compiling wifi_function.c...
APP\esp8266\wifi_function.c(730): warning:  #177-D: variable "cCmd"  was declared but never referenced
  	char cCmd[32];
APP\esp8266\wifi_function.c: 1 warning, 0 errors
compiling stm32f10x_tim.c...
linking...
Program Size: Code=9336 RO-data=18576 RW-data=56 ZI-data=40672  
FromELF: creating hex file...
".\Obj\Template.axf" - 0 Error(s), 1 Warning(s).

<h2>Software Packages used:</h2>

Package Vendor: Keil
                http://www.keil.com/pack/Keil.STM32F1xx_DFP.2.2.0.pack
                Keil.STM32F1xx_DFP.2.2.0
                STMicroelectronics STM32F1 Series Device Support, Drivers and Examples

<h2>Collection of Component include folders:</h2>
  .\RTE\_Target_1
  E:\Users\Documents\Arm\Pack\Keil\STM32F1xx_DFP\2.2.0\Device\Include

<h2>Collection of Component Files used:</h2>
Build Time Elapsed:  00:00:01
</pre>
</body>
</html>
